WARNING : Using CLI version 2.44.0 but project's `requirements.txt`
WARNING : is configured to use 2.42.0. Consider either installing
WARNING : CLI version 2.42.0 or running `pretext update-project`
WARNING : to update `requirements.txt` and other managed files to match 2.44.0.
INFO    : Building target web
INFO    : XSL conversion of /Users/remkes/hub/stats/source/main.ptx by /Users/remkes/.ptx/2.44.0/core/xsl/utilities/pretext-enhanced-source.xsl
INFO    : successful application of /Users/remkes/.ptx/2.44.0/core/xsl/utilities/pretext-enhanced-source.xsl
WARNING : Schema validation could not be completed: no validator was available (jing is not installed and lxml could not compile the schema). Continuing with build.
INFO    : Generating any needed assets.
INFO    : Finished generating assets.

INFO    : Preparing to build into /Users/remkes/hub/stats/output/web.
INFO    : discovering source file's directory name: /Users/remkes/hub/stats/source
INFO    : verifying and expanding input directory: /Users/remkes/hub/stats/source/../generated-assets
INFO    : input directory expanded to absolute path: /Users/remkes/hub/stats/generated-assets
INFO    : verifying and expanding input directory: /Users/remkes/hub/stats/source/../assets
INFO    : input directory expanded to absolute path: /Users/remkes/hub/stats/assets
INFO    : discovering source file's directory name: /Users/remkes/hub/stats/source
INFO    : XSL conversion of /Users/remkes/hub/stats/source/main.ptx by /Users/remkes/.ptx/2.44.0/core/xsl/utilities/report-publisher-variables.xsl
INFO    : successful application of /Users/remkes/.ptx/2.44.0/core/xsl/utilities/report-publisher-variables.xsl
INFO    : Downloading rs services file from https://runestone.academy/cdn/runestone/latest/webpack_static_imports.xml.
INFO    : Runestone Services via online CDN query: version 8.1.16
INFO    : Downloading Runestone Services, version 8.1.16
INFO    : Extracting Runestone Services from archive file
INFO    : Building custom css theme: theme-default-modern
INFO    : converting /Users/remkes/hub/stats/source/main.ptx to HTML in /var/folders/1w/t5kh0btd3kb2f80xnfrcky3w0000gn/T/ptx-kbr166pz
INFO    : XSL conversion of /Users/remkes/hub/stats/source/main.ptx by /Users/remkes/.ptx/2.44.0/core/xsl/pretext-html.xsl
INFO    : messages from the log for XSL processing:
INFO    : * PTX:INFO:   checking all deprecated elements.
INFO    : successful application of /Users/remkes/.ptx/2.44.0/core/xsl/pretext-html.xsl
INFO    : Removing temporary directory /var/folders/1w/t5kh0btd3kb2f80xnfrcky3w0000gn/T/ptx-kbr166pz
INFO    : Removing temporary directory /var/folders/1w/t5kh0btd3kb2f80xnfrcky3w0000gn/T/ptx-wf6folpc
INFO    : 
Finished build for target web. Run `pretext view web` to see the results.

INFO    : 
Success!  Built requested target(s) without errors.

INFO    : 
